Microchip MPLAB XC8 Compiler V2.32

Linker command line:

-W-3 --edf=C:\Program Files\Microchip\xc8\v2.32\pic\dat\en_msgs.txt -cn \
  -h+dist/default/production\PIC1P2.X.production.sym \
  --cmf=dist/default/production\PIC1P2.X.production.cmf -z -Q16F887 \
  -oC:\Users\david\AppData\Local\Temp\xcAs384.4 --defsym=__MPLAB_BUILD=1 \
  -Mdist/default/production/PIC1P2.X.production.map -E1 -ver=XC8 Compiler \
  --acfsm=1493 -ASTACK=0110h-016Fh -pstack=STACK -ACODE=00h-07FFhx4 \
  -ASTRCODE=00h-01FFFh -ASTRING=00h-0FFhx32 -ACONST=00h-0FFhx32 \
  -AENTRY=00h-0FFhx32 -ACOMMON=070h-07Fh -ABANK0=020h-06Fh \
  -ABANK1=0A0h-0EFh -ABANK2=0110h-016Fh -ABANK3=0190h-01EFh \
  -ARAM=020h-06Fh,0A0h-0EFh,0110h-016Fh,0190h-01EFh \
  -AABS1=020h-07Fh,0A0h-0EFh,0110h-016Fh,0190h-01EFh -ASFR0=00h-01Fh \
  -ASFR1=080h-09Fh -ASFR2=0100h-010Fh -ASFR3=0180h-018Fh \
  -ACONFIG=02007h-02008h -DCONFIG=2 -AIDLOC=02000h-02003h -DIDLOC=2 \
  -AEEDATA=00h-0FFh/02100h -peeprom_data=EEDATA -DEEDATA=2 -DCODE=2 \
  -DSTRCODE=2 -DSTRING=2 -DCONST=2 -DENTRY=2 \
  -preset_vec=00h,intentry=04h,init,end_init -ppowerup=CODE -pcinit=CODE \
  -pfunctab=ENTRY -k C:\Users\david\AppData\Local\Temp\xcAs384.o \
  dist/default/production\PIC1P2.X.production.o 

Object code version is 3.11

Machine type is 16F887



                Name                               Link     Load   Length Selector   Space Scale
C:\Users\david\AppData\Local\Temp\xcAs384.o
                end_init                              C        C        3        8       0
                reset_vec                             0        0        3        0       0
                config                             2007     2007        2        0       4
dist/default/production\PIC1P2.X.production.o
                cinit                                 F        F        F        8       0
                intentry                              4        4        8        8       0
                config                             2007     2007        2        0       4
                text27                              597      597        C      780       0
                text26                              536      536       14      780       0
                text25                              57E      57E        D      780       0
                text24                              487      487       25      780       0
                text23                              5A3      5A3        B      780       0
                text22                              5B7      5B7        9      780       0
                text21                              5AE      5AE        9      780       0
                text20                              522      522       14      780       0
                text19                              58B      58B        C      780       0
                text18                              54A      54A       12      780       0
                text17                              56D      56D       11      780       0
                text16                              4AC      4AC       24      780       0
                text15                              3F8      3F8       34      780       0
                text14                              5C0      5C0        7      780       0
                text13                              214      214       68        8       0
                text12                              3C0      3C0       38      780       0
                text11                              50D      50D       15      780       0
                text10                              4D0      4D0       21      780       0
                text9                               4F1      4F1       1C      780       0
                text8                               42C      42C       31      780       0
                text7                               27C      27C       5E        8       0
                text6                               45D      45D       2A      780       0
                text5                               55C      55C       11      780       0
                text4                               333      333       4F        8       0
                text3                               1AB      1AB       69        8       0
                text2                               2DA      2DA       59        8       0
                text1                               12A      12A       81        8       0
                maintext                             1E       1E      10C        8       0
                cstackBANK0                          20       20       18       20       1
                cstackCOMMON                         70       70        B       70       1
                bssBANK0                             38       38        9       20       1
                strings                             382      382       3E      704       0

TOTAL           Name                               Link     Load   Length     Space
        CLASS   STACK          

        CLASS   CODE           
                end_init                              C        C        3         0
                cinit                                 F        F        F         0
                intentry                              4        4        8         0
                reset_vec                             0        0        3         0
                text27                              597      597        C         0
                text26                              536      536       14         0
                text25                              57E      57E        D         0
                text24                              487      487       25         0
                text23                              5A3      5A3        B         0
                text22                              5B7      5B7        9         0
                text21                              5AE      5AE        9         0
                text20                              522      522       14         0
                text19                              58B      58B        C         0
                text18                              54A      54A       12         0
                text17                              56D      56D       11         0
                text16                              4AC      4AC       24         0
                text15                              3F8      3F8       34         0
                text14                              5C0      5C0        7         0
                text13                              214      214       68         0
                text12                              3C0      3C0       38         0
                text11                              50D      50D       15         0
                text10                              4D0      4D0       21         0
                text9                               4F1      4F1       1C         0
                text8                               42C      42C       31         0
                text7                               27C      27C       5E         0
                text6                               45D      45D       2A         0
                text5                               55C      55C       11         0
                text4                               333      333       4F         0
                text3                               1AB      1AB       69         0
                text2                               2DA      2DA       59         0
                text1                               12A      12A       81         0
                maintext                             1E       1E      10C         0

        CLASS   STRCODE        

        CLASS   STRING         
                strings                             382      382       3E         0

        CLASS   CONST          

        CLASS   ENTRY          

        CLASS   COMMON         
                cstackCOMMON                         70       70        B         1

        CLASS   BANK0          
                cstackBANK0                          20       20       18         1
                bssBANK0                             38       38        9         1

        CLASS   BANK1          

        CLASS   BANK2          

        CLASS   BANK3          

        CLASS   RAM            

        CLASS   ABS1           
                abs_s1                               7E       7E        2         1

        CLASS   SFR0           

        CLASS   SFR1           

        CLASS   SFR2           

        CLASS   SFR3           

        CLASS   CONFIG         
                config                             2007     2007        2         4

        CLASS   IDLOC          

        CLASS   EEDATA         



SEGMENTS        Name                           Load    Length   Top    Selector   Space  Class     Delta

                reset_vec                      000000  000003  000003         0       0  CODE        2
                intentry                       000004  00037E  000382         8       0  CODE        2
                cstackBANK0                    000020  000021  000041        20       1  BANK0       1
                cstackCOMMON                   000070  00000B  00007B        70       1  COMMON      1
                strings                        000382  00003E  0003C0       704       0  STRING      2
                text12                         0003C0  000207  0005C7       780       0  CODE        2


UNUSED ADDRESS RANGES

        Name                Unused          Largest block    Delta
        BANK0            0041-006F             2F           1
        BANK1            00A0-00EF             50           1
        BANK2            0110-016F             60           1
        BANK3            0190-01EF             60           1
        CODE             0003-0003              1           2
                         05C7-1FFF            800
        COMMON           007B-007D              3           1
        CONST            0003-0003              1           2
                         05C7-1FFF            100
        EEDATA           2100-21FF            100           2
        ENTRY            0003-0003              1           2
                         05C7-1FFF            100
        IDLOC            2000-2003              4           2
        RAM              0041-006F             2F           1
                         00A0-00EF             50
                         0110-016F             60
                         0190-01EF             60
        SFR0             0000-001F             20           1
        SFR1             0080-009F             20           1
        SFR2             0100-010F             10           1
        SFR3             0180-018F             10           1
        STACK            0110-016F             60           1
        STRCODE          0003-0003              1           2
                         05C7-1FFF           1A39
        STRING           0003-0003              1           2
                         05C7-1FFF            100

                                  Symbol Table

?___awdiv                         cstackCOMMON 0073
?___awmod                         cstackCOMMON 0073
?___lldiv                         cstackCOMMON 0073
?_strlen                          cstackCOMMON 0073
I2C_MR@ack                        cstackCOMMON 0073
I2C_MR@reg                        cstackCOMMON 0075
I2C_MT@data                       cstackCOMMON 0073
I2C_sendAddress@RnW               cstackCOMMON 0073
I2C_sendAddress@address           cstackCOMMON 0075
LCD_displayOnOff@blink            cstackCOMMON 0075
LCD_displayOnOff@cursor           cstackCOMMON 0074
LCD_displayOnOff@on_off           cstackCOMMON 0079
LCD_entryMode_set@inc_dec         cstackCOMMON 0076
LCD_entryMode_set@shift           cstackCOMMON 0074
LCD_functionSet@dataL             cstackCOMMON 007A
LCD_functionSet@dispFont          cstackCOMMON 0075
LCD_functionSet@lineNo            cstackCOMMON 0074
LCD_setDDRAM@address              cstackCOMMON 0075
LCD_wRAM@data                     cstackCOMMON 0075
LCDprintText@i                    cstackBANK0  0020
LCDprintText@texto                cstackCOMMON 0077
UARTprintCharacter@caracter       cstackCOMMON 0070
_ANSEL                            (abs)        0188
_ANSELH                           (abs)        0189
_BAUDCTLbits                      (abs)        0187
_I2C_MR                           text24       0487
_I2C_MT                           text23       05A3
_I2C_MW                           text25       057E
_I2C_SCon                         text22       05B7
_I2C_STCon                        text21       05AE
_I2C_sendAddress                  text20       0522
_INTCONbits                       (abs)        000B
_LCD_clearDisplay                 text11       050D
_LCD_displayOnOff                 text10       04D0
_LCD_entryMode_set                text9        04F1
_LCD_executeInstruction           text19       058B
_LCD_functionSet                  text8        042C
_LCD_setDDRAM                     text18       054A
_LCD_wRAM                         text17       056D
_LCDprintText                     text15       03F8
_OSCCONbits                       (abs)        008F
_PIE1bits                         (abs)        008C
_PIR1bits                         (abs)        000C
_PORTA                            (abs)        0005
_PORTB                            (abs)        0006
_PORTC                            (abs)        0007
_PORTD                            (abs)        0008
_PORTDbits                        (abs)        0008
_RCSTAbits                        (abs)        0018
_SPBRG                            (abs)        0099
_SSPADD                           (abs)        0093
_SSPBUF                           (abs)        0013
_SSPCON2                          (abs)        0091
_SSPCON2bits                      (abs)        0091
_SSPCONbits                       (abs)        0014
_SSPSTAT                          (abs)        0094
_SSPSTATbits                      (abs)        0094
_TRISA                            (abs)        0085
_TRISB                            (abs)        0086
_TRISC                            (abs)        0087
_TRISCbits                        (abs)        0087
_TRISD                            (abs)        0088
_TXREG                            (abs)        0019
_TXSTAbits                        (abs)        0098
_UARTprintCharacter               text27       0597
_USART_enableRInt                 text14       05C0
__Habs1                           abs1         0000
__Hbank0                          bank0        0000
__Hbank1                          bank1        0000
__Hbank2                          bank2        0000
__Hbank3                          bank3        0000
__HbssBANK0                       bssBANK0     0000
__Hcinit                          cinit        001E
__Hclrtext                        clrtext      0000
__Hcode                           code         0000
__Hcommon                         common       0000
__Hconfig                         config       2009
__HcstackBANK0                    cstackBANK0  0000
__HcstackCOMMON                   cstackCOMMON 0000
__Heeprom_data                    eeprom_data  0000
__Hend_init                       end_init     000F
__Hfunctab                        functab      0000
__Hinit                           init         000C
__Hintentry                       intentry     000C
__Hmaintext                       maintext     0000
__Hpowerup                        powerup      0000
__Hram                            ram          0000
__Hreset_vec                      reset_vec    0003
__Hsfr0                           sfr0         0000
__Hsfr1                           sfr1         0000
__Hsfr2                           sfr2         0000
__Hsfr3                           sfr3         0000
__Hspace_0                        (abs)        05C7
__Hspace_1                        (abs)        007B
__Hspace_2                        (abs)        0000
__Hspace_3                        (abs)        0000
__Hspace_4                        (abs)        4010
__Hstack                          stack        0000
__Hstrings                        strings      0000
__Htext                           text         0000
__Labs1                           abs1         0000
__Lbank0                          bank0        0000
__Lbank1                          bank1        0000
__Lbank2                          bank2        0000
__Lbank3                          bank3        0000
__LbssBANK0                       bssBANK0     0000
__Lcinit                          cinit        000F
__Lclrtext                        clrtext      0000
__Lcode                           code         0000
__Lcommon                         common       0000
__Lconfig                         config       0000
__LcstackBANK0                    cstackBANK0  0000
__LcstackCOMMON                   cstackCOMMON 0000
__Leeprom_data                    eeprom_data  0000
__Lend_init                       end_init     000C
__Lfunctab                        functab      0000
__Linit                           init         000C
__Lintentry                       intentry     0004
__Lmaintext                       maintext     0000
__Lpowerup                        powerup      0000
__Lram                            ram          0000
__Lreset_vec                      reset_vec    0000
__Lsfr0                           sfr0         0000
__Lsfr1                           sfr1         0000
__Lsfr2                           sfr2         0000
__Lsfr3                           sfr3         0000
__Lspace_0                        (abs)        0000
__Lspace_1                        (abs)        0000
__Lspace_2                        (abs)        0000
__Lspace_3                        (abs)        0000
__Lspace_4                        (abs)        0000
__Lstack                          stack        0000
__Lstrings                        strings      0000
__Ltext                           text         0000
__S0                              (abs)        05C7
__S1                              (abs)        007B
__S2                              (abs)        0000
__S3                              (abs)        0000
___awdiv                          text3        01AB
___awdiv@counter                  cstackBANK0  0020
___awdiv@dividend                 cstackCOMMON 0075
___awdiv@divisor                  cstackCOMMON 0073
___awdiv@quotient                 cstackBANK0  0022
___awdiv@sign                     cstackBANK0  0021
___awmod                          text2        02DA
___awmod@counter                  cstackCOMMON 0078
___awmod@dividend                 cstackCOMMON 0075
___awmod@divisor                  cstackCOMMON 0073
___awmod@sign                     cstackCOMMON 0079
___int_sp                         stack        0000
___latbits                        (abs)        0002
___lldiv                          text13       0214
___lldiv@counter                  cstackBANK0  0025
___lldiv@dividend                 cstackCOMMON 0077
___lldiv@divisor                  cstackCOMMON 0073
___lldiv@quotient                 cstackBANK0  0021
___sp                             stack        0000
___stackhi                        (abs)        0000
___stacklo                        (abs)        0000
__end_of_I2C_MR                   text24       04AC
__end_of_I2C_MT                   text23       05AE
__end_of_I2C_MW                   text25       058B
__end_of_I2C_SCon                 text22       05C0
__end_of_I2C_STCon                text21       05B7
__end_of_I2C_sendAddress          text20       0536
__end_of_LCD_clearDisplay         text11       0522
__end_of_LCD_displayOnOff         text10       04F1
__end_of_LCD_entryMode_set        text9        050D
__end_of_LCD_executeInstruction   text19       0597
__end_of_LCD_functionSet          text8        045D
__end_of_LCD_setDDRAM             text18       055C
__end_of_LCD_wRAM                 text17       057E
__end_of_LCDprintText             text15       042C
__end_of_UARTprintCharacter       text27       05A3
__end_of_USART_enableRInt         text14       05C7
__end_of___awdiv                  text3        0214
__end_of___awmod                  text2        0333
__end_of___lldiv                  text13       027C
__end_of__initialization          cinit        001A
__end_of__stringtab               strings      0392
__end_of_configuracion            text4        0382
__end_of_initI2C_MASTER           text12       03F8
__end_of_initLCD                  text7        02DA
__end_of_initUSARTransmitReceive  text6        0487
__end_of_isr                      text26       054A
__end_of_main                     maintext     012A
__end_of_separar_numero           text1        01AB
__end_of_setupOsc                 text5        056D
__end_of_strlen                   text16       04D0
__initialization                  cinit        000F
__pbssBANK0                       bssBANK0     0038
__pcstackBANK0                    cstackBANK0  0020
__pcstackCOMMON                   cstackCOMMON 0070
__pintentry                       intentry     0004
__pmaintext                       maintext     001E
__pstrings                        strings      0382
__ptext1                          text1        012A
__ptext10                         text10       04D0
__ptext11                         text11       050D
__ptext12                         text12       03C0
__ptext13                         text13       0214
__ptext14                         text14       05C0
__ptext15                         text15       03F8
__ptext16                         text16       04AC
__ptext17                         text17       056D
__ptext18                         text18       054A
__ptext19                         text19       058B
__ptext2                          text2        02DA
__ptext20                         text20       0522
__ptext21                         text21       05AE
__ptext22                         text22       05B7
__ptext23                         text23       05A3
__ptext24                         text24       0487
__ptext25                         text25       057E
__ptext26                         text26       0536
__ptext27                         text27       0597
__ptext3                          text3        01AB
__ptext4                          text4        0333
__ptext5                          text5        055C
__ptext6                          text6        045D
__ptext7                          text7        027C
__ptext8                          text8        042C
__ptext9                          text9        04F1
__size_of_I2C_MR                  (abs)        0000
__size_of_I2C_MT                  (abs)        0000
__size_of_I2C_MW                  (abs)        0000
__size_of_I2C_SCon                (abs)        0000
__size_of_I2C_STCon               (abs)        0000
__size_of_I2C_sendAddress         (abs)        0000
__size_of_LCD_clearDisplay        (abs)        0000
__size_of_LCD_displayOnOff        (abs)        0000
__size_of_LCD_entryMode_set       (abs)        0000
__size_of_LCD_executeInstruction  (abs)        0000
__size_of_LCD_functionSet         (abs)        0000
__size_of_LCD_setDDRAM            (abs)        0000
__size_of_LCD_wRAM                (abs)        0000
__size_of_LCDprintText            (abs)        0000
__size_of_UARTprintCharacter      (abs)        0000
__size_of_USART_enableRInt        (abs)        0000
__size_of___awdiv                 (abs)        0000
__size_of___awmod                 (abs)        0000
__size_of___lldiv                 (abs)        0000
__size_of_configuracion           (abs)        0000
__size_of_initI2C_MASTER          (abs)        0000
__size_of_initLCD                 (abs)        0000
__size_of_initUSARTransmitReceive (abs)        0000
__size_of_isr                     (abs)        0000
__size_of_main                    (abs)        0000
__size_of_separar_numero          (abs)        0000
__size_of_setupOsc                (abs)        0000
__size_of_strlen                  (abs)        0000
__stringbase                      strings      0391
__stringtab                       strings      0382
_configuracion                    text4        0333
_initI2C_MASTER                   text12       03C0
_initLCD                          text7        027C
_initUSARTransmitReceive          text6        045D
_isr                              text26       0536
_main                             maintext     001E
_semaforo                         bssBANK0     003C
_separar_numero                   text1        012A
_setupOsc                         text5        055C
_strlen                           text16       04AC
_temp                             bssBANK0     003D
btemp                             (abs)        007E
end_of_initialization             cinit        001A
initI2C_MASTER@freq               cstackBANK0  0026
initUSARTransmitReceive@BRG16     cstackCOMMON 0073
initUSARTransmitReceive@BRGH      cstackCOMMON 0075
initUSARTransmitReceive@vBRG      cstackCOMMON 0074
interrupt_function                intentry     0004
intlevel0                         functab      0000
intlevel1                         functab      0000
intlevel2                         functab      0000
intlevel3                         functab      0000
intlevel4                         functab      0000
intlevel5                         functab      0000
main@tempTxt                      cstackBANK0  0034
reset_vec                         reset_vec    0000
saved_w                           (abs)        007E
separar_numero@centenas           cstackBANK0  0026
separar_numero@decenas            cstackBANK0  0027
separar_numero@numaux             cstackBANK0  002B
separar_numero@numaux2            cstackBANK0  0029
separar_numero@numero             cstackBANK0  0024
separar_numero@unidades           cstackBANK0  0028
setupOsc@clkSrc                   cstackCOMMON 0073
setupOsc@freq                     cstackCOMMON 0075
start                             init         000C
start_initialization              cinit        000F
strlen@cp                         cstackCOMMON 0075
strlen@s                          cstackCOMMON 0073
wtemp0                            (abs)        007E


MODULE INFORMATION

Module		Function		Class		Link	Load	Size
USARTconfiguration.c
		_initUSARTransmitReceive		CODE           	045D	0000	42
		_USART_enableRInt		CODE           	05C0	0000	7
		_UARTprintCharacter		CODE           	0597	0000	12

USARTconfiguration.c estimated size: 61

LCDcontrol.c
		_LCD_executeInstruction		CODE           	058B	0000	12
		_LCD_clearDisplay		CODE           	050D	0000	21
		_LCDprintText  		CODE           	03F8	0000	52
		_LCD_functionSet		CODE           	042C	0000	49
		_LCD_setDDRAM  		CODE           	054A	0000	18
		_LCD_entryMode_set		CODE           	04F1	0000	28
		_LCD_wRAM      		CODE           	056D	0000	17
		_LCD_displayOnOff		CODE           	04D0	0000	33
		_initLCD       		CODE           	027C	0000	94

LCDcontrol.c estimated size: 324

C:/Users/david/DavidU/ElectronicaDigital2/Librerias/conf16f887.X/OSCconfiguration.c
		_setupOsc      		CODE           	055C	0000	17

C:/Users/david/DavidU/ElectronicaDigital2/Librerias/conf16f887.X/OSCconfiguration.c estimated size: 17

C:/Users/david/DavidU/ElectronicaDigital2/Miniproyecto2/PIC1/PIC1P2.X/PIC1P2main.c
		_configuracion 		CODE           	0333	0000	79
		_main          		CODE           	001E	0000	268
		_separar_numero		CODE           	012A	0000	129
		_isr           		CODE           	0536	0000	20

C:/Users/david/DavidU/ElectronicaDigital2/Miniproyecto2/PIC1/PIC1P2.X/PIC1P2main.c estimated size: 496

C:\Program Files\Microchip\xc8\v2.32\pic\sources\c90\common\strlen.c
		_strlen        		CODE           	04AC	0000	36

C:\Program Files\Microchip\xc8\v2.32\pic\sources\c90\common\strlen.c estimated size: 36

C:\Program Files\Microchip\xc8\v2.32\pic\sources\c90\common\awmod.c
		___awmod       		CODE           	02DA	0000	89

C:\Program Files\Microchip\xc8\v2.32\pic\sources\c90\common\awmod.c estimated size: 89

shared
		__stringtab    		STRING         	0382	0000	16
		__initialization		CODE           	000F	0000	11

shared estimated size: 27

I2Cconfiguration.c
		_initI2C_MASTER		CODE           	03C0	0000	56
		_I2C_MT        		CODE           	05A3	0000	11
		_I2C_MW        		CODE           	057E	0000	13
		_I2C_STCon     		CODE           	05AE	0000	9
		_I2C_MR        		CODE           	0487	0000	37
		_I2C_SCon      		CODE           	05B7	0000	9
		_I2C_sendAddress		CODE           	0522	0000	20

I2Cconfiguration.c estimated size: 155

C:\Program Files\Microchip\xc8\v2.32\pic\sources\c90\common\awdiv.c
		___awdiv       		CODE           	01AB	0000	105

C:\Program Files\Microchip\xc8\v2.32\pic\sources\c90\common\awdiv.c estimated size: 105

C:\Program Files\Microchip\xc8\v2.32\pic\sources\c90\common\__lldiv.c
		___lldiv       		CODE           	0214	0000	104

C:\Program Files\Microchip\xc8\v2.32\pic\sources\c90\common\__lldiv.c estimated size: 104

